     1                                  org 0x7c00
     2                                  
     3                                  jmp_command:
     4 00000000 B03A                            mov al, ":"
     5 00000002 E84100                          call input_line
     6 00000005 BE8077                  	mov si, 0x7780
     7 00000008 31C0                    	xor ax, ax
     8 0000000A E81800                  	call convert
     9 0000000D 2EA2267B                	cs mov byte [0x7a00 + 0d294], al
    10 00000011 31C0                    	xor ax, ax
    11 00000013 E80F00                  	call convert
    12 00000016 2EA2277B                	cs mov byte [0x7a00 + 0d295], al
    13 0000001A 31C0                    	xor ax, ax
    14 0000001C E80600                  	call convert
    15 0000001F 2EA2247B                	cs mov byte [0x7a00 + 0d292], al
    16 00000023 CD20                    	int 0x20
    17                                  
    18                                  convert:
    19 00000025 E80B00                          call xdigit             ; Get a hexadecimal digit
    20 00000028 B104                            mov cl,4
    21 0000002A D2E0                            shl al,cl
    22 0000002C 91                              xchg ax,cx
    23 0000002D E80300                          call xdigit             ; Get a hexadecimal digit
    24 00000030 08C8                            or al,cl
    25 00000032 C3                              ret
    26                                  xdigit:  
    27 00000033 AC                              lodsb
    28 00000034 3C00                            cmp al,0x00             ; Zero character marks end of line
    29 00000036 740D                            je r
    30 00000038 2C30                            sub al,0x30             ; Avoid spaces (anything below ASCII 0x30)
    31 0000003A 72F7                            jc xdigit
    32 0000003C 3C0A                            cmp al,0x0a
    33 0000003E 7205                            jc r
    34 00000040 2C07                            sub al,0x07
    35 00000042 240F                            and al,0x0f   
    36 00000044 F9                              stc
    37                                  r:
    38 00000045 C3                              ret
    39                                  input_line:   
    40 00000046 50                      	push ax
    41 00000047 CD26                            int 0x26
    42 00000049 58                      	pop ax
    43 0000004A C3                      	ret
